Archive member included to satisfy reference by file (symbol)

e:/iti embedded camp/iti programs/imt_sdk_win_64/winarm/armgcc/bin/../lib/gcc/arm-none-eabi/7.2.1/../../../../arm-none-eabi/lib/thumb/v7-m\libg_nano.a(lib_a-errno.o)
                              ./system/src/newlib/_sbrk.o (__errno)
e:/iti embedded camp/iti programs/imt_sdk_win_64/winarm/armgcc/bin/../lib/gcc/arm-none-eabi/7.2.1/../../../../arm-none-eabi/lib/thumb/v7-m\libg_nano.a(lib_a-impure.o)
                              e:/iti embedded camp/iti programs/imt_sdk_win_64/winarm/armgcc/bin/../lib/gcc/arm-none-eabi/7.2.1/../../../../arm-none-eabi/lib/thumb/v7-m\libg_nano.a(lib_a-errno.o) (_impure_ptr)
e:/iti embedded camp/iti programs/imt_sdk_win_64/winarm/armgcc/bin/../lib/gcc/arm-none-eabi/7.2.1/../../../../arm-none-eabi/lib/thumb/v7-m\libg_nano.a(lib_a-strlen.o)
                              ./system/src/diag/Trace.o (strlen)
e:/iti embedded camp/iti programs/imt_sdk_win_64/winarm/armgcc/bin/../lib/gcc/arm-none-eabi/7.2.1/../../../../arm-none-eabi/lib/thumb/v7-m\libg_nano.a(lib_a-vsnprintf.o)
                              ./system/src/diag/Trace.o (vsnprintf)
e:/iti embedded camp/iti programs/imt_sdk_win_64/winarm/armgcc/bin/../lib/gcc/arm-none-eabi/7.2.1/../../../../arm-none-eabi/lib/thumb/v7-m\libg_nano.a(lib_a-nano-svfprintf.o)
                              e:/iti embedded camp/iti programs/imt_sdk_win_64/winarm/armgcc/bin/../lib/gcc/arm-none-eabi/7.2.1/../../../../arm-none-eabi/lib/thumb/v7-m\libg_nano.a(lib_a-vsnprintf.o) (_svfprintf_r)
e:/iti embedded camp/iti programs/imt_sdk_win_64/winarm/armgcc/bin/../lib/gcc/arm-none-eabi/7.2.1/../../../../arm-none-eabi/lib/thumb/v7-m\libg_nano.a(lib_a-nano-vfprintf_i.o)
                              e:/iti embedded camp/iti programs/imt_sdk_win_64/winarm/armgcc/bin/../lib/gcc/arm-none-eabi/7.2.1/../../../../arm-none-eabi/lib/thumb/v7-m\libg_nano.a(lib_a-nano-svfprintf.o) (_printf_i)
e:/iti embedded camp/iti programs/imt_sdk_win_64/winarm/armgcc/bin/../lib/gcc/arm-none-eabi/7.2.1/../../../../arm-none-eabi/lib/thumb/v7-m\libg_nano.a(lib_a-memchr-stub.o)
                              e:/iti embedded camp/iti programs/imt_sdk_win_64/winarm/armgcc/bin/../lib/gcc/arm-none-eabi/7.2.1/../../../../arm-none-eabi/lib/thumb/v7-m\libg_nano.a(lib_a-nano-svfprintf.o) (memchr)
e:/iti embedded camp/iti programs/imt_sdk_win_64/winarm/armgcc/bin/../lib/gcc/arm-none-eabi/7.2.1/../../../../arm-none-eabi/lib/thumb/v7-m\libg_nano.a(lib_a-memcpy-stub.o)
                              e:/iti embedded camp/iti programs/imt_sdk_win_64/winarm/armgcc/bin/../lib/gcc/arm-none-eabi/7.2.1/../../../../arm-none-eabi/lib/thumb/v7-m\libg_nano.a(lib_a-nano-svfprintf.o) (memcpy)
e:/iti embedded camp/iti programs/imt_sdk_win_64/winarm/armgcc/bin/../lib/gcc/arm-none-eabi/7.2.1/../../../../arm-none-eabi/lib/thumb/v7-m\libg_nano.a(lib_a-memmove.o)
                              e:/iti embedded camp/iti programs/imt_sdk_win_64/winarm/armgcc/bin/../lib/gcc/arm-none-eabi/7.2.1/../../../../arm-none-eabi/lib/thumb/v7-m\libg_nano.a(lib_a-nano-svfprintf.o) (memmove)
e:/iti embedded camp/iti programs/imt_sdk_win_64/winarm/armgcc/bin/../lib/gcc/arm-none-eabi/7.2.1/../../../../arm-none-eabi/lib/thumb/v7-m\libg_nano.a(lib_a-nano-freer.o)
                              e:/iti embedded camp/iti programs/imt_sdk_win_64/winarm/armgcc/bin/../lib/gcc/arm-none-eabi/7.2.1/../../../../arm-none-eabi/lib/thumb/v7-m\libg_nano.a(lib_a-nano-svfprintf.o) (_free_r)
e:/iti embedded camp/iti programs/imt_sdk_win_64/winarm/armgcc/bin/../lib/gcc/arm-none-eabi/7.2.1/../../../../arm-none-eabi/lib/thumb/v7-m\libg_nano.a(lib_a-nano-mallocr.o)
                              e:/iti embedded camp/iti programs/imt_sdk_win_64/winarm/armgcc/bin/../lib/gcc/arm-none-eabi/7.2.1/../../../../arm-none-eabi/lib/thumb/v7-m\libg_nano.a(lib_a-nano-svfprintf.o) (_malloc_r)
e:/iti embedded camp/iti programs/imt_sdk_win_64/winarm/armgcc/bin/../lib/gcc/arm-none-eabi/7.2.1/../../../../arm-none-eabi/lib/thumb/v7-m\libg_nano.a(lib_a-nano-reallocr.o)
                              e:/iti embedded camp/iti programs/imt_sdk_win_64/winarm/armgcc/bin/../lib/gcc/arm-none-eabi/7.2.1/../../../../arm-none-eabi/lib/thumb/v7-m\libg_nano.a(lib_a-nano-svfprintf.o) (_realloc_r)
e:/iti embedded camp/iti programs/imt_sdk_win_64/winarm/armgcc/bin/../lib/gcc/arm-none-eabi/7.2.1/../../../../arm-none-eabi/lib/thumb/v7-m\libg_nano.a(lib_a-sbrkr.o)
                              e:/iti embedded camp/iti programs/imt_sdk_win_64/winarm/armgcc/bin/../lib/gcc/arm-none-eabi/7.2.1/../../../../arm-none-eabi/lib/thumb/v7-m\libg_nano.a(lib_a-nano-mallocr.o) (_sbrk_r)
e:/iti embedded camp/iti programs/imt_sdk_win_64/winarm/armgcc/bin/../lib/gcc/arm-none-eabi/7.2.1/../../../../arm-none-eabi/lib/thumb/v7-m\libg_nano.a(lib_a-mlock.o)
[...]
Memory Configuration

Name             Origin             Length             Attributes
RAM              0x20000000         0x00005000         xrw
CCMRAM           0x00000000         0x00000000         xrw
FLASH            0x08001000         0x00007800         xr
FLASHB1          0x00000000         0x00000000         xr
EXTMEMB0         0x00000000         0x00000000         xr
EXTMEMB1         0x00000000         0x00000000         xr
EXTMEMB2         0x00000000         0x00000000         xr
EXTMEMB3         0x00000000         0x00000000         xr
MEMORY_ARRAY     0x00000000         0x00000000         xrw
*default*        0x00000000         0xffffffff

Linker script and memory map

LOAD ./system/src/stm32f1-stdperiph/misc.o
LOAD ./system/src/stm32f1-stdperiph/stm32f10x_gpio.o
LOAD ./system/src/stm32f1-stdperiph/stm32f10x_rcc.o
LOAD ./system/src/newlib/_cxx.o
LOAD ./system/src/newlib/_exit.o
LOAD ./system/src/newlib/_sbrk.o
LOAD ./system/src/newlib/_startup.o
LOAD ./system/src/newlib/_syscalls.o
LOAD ./system/src/newlib/assert.o
LOAD ./system/src/diag/Trace.o
LOAD ./system/src/diag/trace_impl.o
LOAD ./system/src/cortexm/_initialize_hardware.o
LOAD ./system/src/cortexm/_reset_hardware.o
LOAD ./system/src/cortexm/exception_handlers.o
LOAD ./system/src/cmsis/system_stm32f10x.o
LOAD ./system/src/cmsis/vectors_stm32f10x.o
LOAD ./src/GPIO.o
LOAD ./src/RCC.o
LOAD ./src/SCB.o
LOAD ./src/SYSTICK.o
LOAD ./src/UART.o
LOAD ./src/_write.o
LOAD ./src/main.o
LOAD e:/iti embedded camp/iti programs/imt_sdk_win_64/winarm/armgcc/bin/../lib/gcc/arm-none-eabi/7.2.1/../../../../arm-none-eabi/lib/thumb/v7-m\libstdc++_nano.a
LOAD e:/iti embedded camp/iti programs/imt_sdk_win_64/winarm/armgcc/bin/../lib/gcc/arm-none-eabi/7.2.1/../../../../arm-none-eabi/lib/thumb/v7-m\libm.a
START GROUP
LOAD e:/iti embedded camp/iti programs/imt_sdk_win_64/winarm/armgcc/bin/../lib/gcc/arm-none-eabi/7.2.1/thumb/v7-m\libgcc.a
LOAD e:/iti embedded camp/iti programs/imt_sdk_win_64/winarm/armgcc/bin/../lib/gcc/arm-none-eabi/7.2.1/../../../../arm-none-eabi/lib/thumb/v7-m\libg_nano.a
LOAD e:/iti embedded camp/iti programs/imt_sdk_win_64/winarm/armgcc/bin/../lib/gcc/arm-none-eabi/7.2.1/../../../../arm-none-eabi/lib/thumb/v7-m\libc_nano.a
END GROUP
START GROUP
LOAD e:/iti embedded camp/iti programs/imt_sdk_win_64/winarm/armgcc/bin/../lib/gcc/arm-none-eabi/7.2.1/thumb/v7-m\libgcc.a
LOAD e:/iti embedded camp/iti programs/imt_sdk_win_64/winarm/armgcc/bin/../lib/gcc/arm-none-eabi/7.2.1/../../../../arm-none-eabi/lib/thumb/v7-m\libc_nano.a
END GROUP
                0x20005000                __stack = (ORIGIN (RAM) + LENGTH (RAM))
                0x20005000                _estack = __stack
                0x00000400                __Main_Stack_Size = 0x400
                [!provide]                PROVIDE (_Main_Stack_Size, __Main_Stack_Size)
                0x20004c00                __Main_Stack_Limit = (__stack - __Main_Stack_Size)
                [!provide]                PROVIDE (_Main_Stack_Limit, __Main_Stack_Limit)
                0x00000100                _Minimum_Stack_Size = 0x100
                0x2000012c                PROVIDE (_Heap_Begin, _end_noinit)
                0x20004c00                PROVIDE (_Heap_Limit, (__stack - __Main_Stack_Size))

.isr_vector     0x08001000      0x328
 FILL mask 0xff
                0x08001000                __vectors_start = ABSOLUTE (.)
                0x08001000                __vectors_start__ = ABSOLUTE (.)
 *(.isr_vector)
 .isr_vector    0x08001000      0x10c ./system/src/cmsis/vectors_stm32f10x.o
                0x08001000                __isr_vectors
 *(.cfmconfig)
 *(.after_vectors .after_vectors.*)
 .after_vectors
                0x0800110c      0x114 ./system/src/newlib/_startup.o
                0x0800110c                _start
 .after_vectors
                0x08001220      0x104 ./system/src/cortexm/exception_handlers.o
                0x08001220                Reset_Handler
                0x08001226                NMI_Handler
                0x0800122a                HardFault_Handler
                0x0800123e                HardFault_Handler_C
                0x08001274                MemManage_Handler
                0x08001278                BusFault_Handler
                0x0800128c                BusFault_Handler_C
                0x080012c0                UsageFault_Handler
                0x080012d4                UsageFault_Handler_C
                0x08001308                SVC_Handler
                0x0800130c                DebugMon_Handler
                0x08001310                PendSV_Handler
 .after_vectors
                0x08001324        0x4 ./system/src/cmsis/vectors_stm32f10x.o
                0x08001324                EXTI2_IRQHandler
                0x08001324                TIM8_TRG_COM_IRQHandler
                0x08001324                TIM8_CC_IRQHandler
                0x08001324                TIM1_CC_IRQHandler
                0x08001324                TIM6_IRQHandler
                0x08001324                PVD_IRQHandler
                0x08001324                SDIO_IRQHandler
                0x08001324                CAN2_RX1_IRQHandler
                0x08001324                EXTI3_IRQHandler
                0x08001324                TIM8_TRG_COM_TIM14_IRQHandler
                0x08001324                TIM1_UP_TIM10_IRQHandler
                0x08001324                TIM8_UP_TIM13_IRQHandler
                0x08001324                EXTI0_IRQHandler
                0x08001324                I2C2_EV_IRQHandler
                0x08001324                CAN1_RX0_IRQHandler
                0x08001324                TIM1_UP_TIM16_IRQHandler
                0x08001324                CAN2_SCE_IRQHandler
                0x08001324                ADC1_2_IRQHandler
                0x08001324                SPI1_IRQHandler
                0x08001324                TAMPER_IRQHandler
                0x08001324                TIM6_DAC_IRQHandler
                0x08001324                TIM1_BRK_TIM9_IRQHandler
                0x08001324                CAN2_RX0_IRQHandler
                0x08001324                TIM8_UP_IRQHandler
                0x08001324                DMA2_Channel2_IRQHandler
                0x08001324                DMA1_Channel4_IRQHandler
                0x08001324                USART3_IRQHandler
                0x08001324                RTC_IRQHandler
                0x08001324                DMA1_Channel7_IRQHandler
                0x08001324                CAN1_RX1_IRQHandler
                0x08001324                UART5_IRQHandler
                0x08001324                ADC3_IRQHandler
                0x08001324                TIM4_IRQHandler
                0x08001324                DMA2_Channel1_IRQHandler
                0x08001324                I2C1_EV_IRQHandler
                0x08001324                DMA1_Channel6_IRQHandler
                0x08001324                UART4_IRQHandler
                0x08001324                DMA2_Channel4_IRQHandler
                0x08001324                TIM3_IRQHandler
                0x08001324                RCC_IRQHandler
                0x08001324                TIM8_BRK_TIM12_IRQHandler
                0x08001324                TIM1_TRG_COM_IRQHandler
                0x08001324                DMA1_Channel1_IRQHandler
                0x08001324                Default_Handler
                0x08001324                CEC_IRQHandler
                0x08001324                EXTI15_10_IRQHandler
                0x08001324                TIM14_IRQHandler
                0x08001324                TIM13_IRQHandler
                0x08001324                TIM12_IRQHandler
                0x08001324                TIM7_IRQHandler
                0x08001324                CAN2_TX_IRQHandler
                0x08001324                TIM5_IRQHandler
                0x08001324                EXTI9_5_IRQHandler
                0x08001324                ETH_WKUP_IRQHandler
                0x08001324                SPI2_IRQHandler
                0x08001324                CAN1_TX_IRQHandler
                0x08001324                DMA2_Channel5_IRQHandler
                0x08001324                DMA1_Channel5_IRQHandler
                0x08001324                EXTI4_IRQHandler
                0x08001324                USB_LP_CAN1_RX0_IRQHandler
                0x08001324                TIM1_TRG_COM_TIM17_IRQHandler
                0x08001324                USB_HP_CAN1_TX_IRQHandler
                0x08001324                DMA1_Channel3_IRQHandler
                0x08001324                FSMC_IRQHandler
                0x08001324                ETH_IRQHandler
                0x08001324                TIM1_UP_IRQHandler
                0x08001324                WWDG_IRQHandler
                0x08001324                TIM2_IRQHandler
                0x08001324                OTG_FS_WKUP_IRQHandler
                0x08001324                TIM1_TRG_COM_TIM11_IRQHandler
                0x08001324                TIM1_BRK_IRQHandler
                0x08001324                EXTI1_IRQHandler
                0x08001324                RTCAlarm_IRQHandler
                0x08001324                DMA2_Channel4_5_IRQHandler
                0x08001324                USART2_IRQHandler
                0x08001324                I2C2_ER_IRQHandler
                0x08001324                DMA1_Channel2_IRQHandler
                0x08001324                TIM8_BRK_IRQHandler
                0x08001324                CAN1_SCE_IRQHandler
                0x08001324                FLASH_IRQHandler
                0x08001324                USART1_IRQHandler
                0x08001324                OTG_FS_IRQHandler
                0x08001324                SPI3_IRQHandler
                0x08001324                I2C1_ER_IRQHandler
                0x08001324                USBWakeUp_IRQHandler
                0x08001324                DMA2_Channel3_IRQHandler
                0x08001324                TIM1_BRK_TIM15_IRQHandler

.inits          0x08001328       0x28
                0x08001328                __data_regions_array_start = .
                0x08001328        0x4 LONG 0x8002890 LOADADDR (.data)
                0x0800132c        0x4 LONG 0x20000000 ADDR (.data)
                0x08001330        0x4 LONG 0x20000088 (ADDR (.data) + SIZEOF (.data))
                0x08001334        0x4 LONG 0x8002890 LOADADDR (.data_CCMRAM)
                0x08001338        0x4 LONG 0x0 ADDR (.data_CCMRAM)
                0x0800133c        0x4 LONG 0x0 (ADDR (.data_CCMRAM) + SIZEOF (.data_CCMRAM))
                0x08001340                __data_regions_array_end = .
                0x08001340                __bss_regions_array_start = .
                0x08001340        0x4 LONG 0x20000088 ADDR (.bss)
                0x08001344        0x4 LONG 0x2000012c (ADDR (.bss) + SIZEOF (.bss))
                0x08001348        0x4 LONG 0x0 ADDR (.bss_CCMRAM)
                0x0800134c        0x4 LONG 0x0 (ADDR (.bss_CCMRAM) + SIZEOF (.bss_CCMRAM))
                0x08001350                __bss_regions_array_end = .
 *(.init)
 *(.fini)
                0x08001350                . = ALIGN (0x4)
                0x08001350                PROVIDE (__preinit_array_start, .)
 *(.preinit_array_sysinit .preinit_array_sysinit.*)
 *(.preinit_array_platform .preinit_array_platform.*)
 *(.preinit_array .preinit_array.*)
                0x08001350                PROVIDE (__preinit_array_end, .)
                0x08001350                . = ALIGN (0x4)
                0x08001350                PROVIDE (__init_array_start, .)
 *(SORT_BY_NAME(.init_array.*))
 *(.init_array)
                0x08001350                PROVIDE (__init_array_end, .)
                0x08001350                . = ALIGN (0x4)
                0x08001350                PROVIDE (__fini_array_start, .)
 *(SORT_BY_NAME(.fini_array.*))
 *(.fini_array)
                0x08001350                PROVIDE (__fini_array_end, .)

.flashtext
 *(.flashtext .flashtext.*)

.text           0x08001350     0x153f
 *(.text .text.*)
 .text._exit    0x08001350        0x2 ./system/src/newlib/_exit.o
                0x08001350                _exit
 *fill*         0x08001352        0x2 
 .text._sbrk    0x08001354       0x44 ./system/src/newlib/_sbrk.o
                0x08001354                _sbrk
 .text.__initialize_args
                0x08001398       0x10 ./system/src/newlib/_syscalls.o
                0x08001398                __initialize_args
 .text.trace_printf
                0x080013a8       0x30 ./system/src/diag/Trace.o
                0x080013a8                trace_printf
 .text._trace_write_itm
                0x080013d8       0x72 ./system/src/diag/trace_impl.o
 .text.trace_write
                0x0800144a        0x8 ./system/src/diag/trace_impl.o
                0x0800144a                trace_write
 *fill*         0x08001452        0x2 
 .text.__initialize_hardware_early
                0x08001454       0x18 ./system/src/cortexm/_initialize_hardware.o
                0x08001454                __initialize_hardware_early
 .text.__initialize_hardware
                0x0800146c        0x8 ./system/src/cortexm/_initialize_hardware.o
                0x0800146c                __initialize_hardware
 .text.dumpExceptionStack
                0x08001474       0xf4 ./system/src/cortexm/exception_handlers.o
                0x08001474                dumpExceptionStack
 .text.SetSysClockTo72
                0x08001568       0xc4 ./system/src/cmsis/system_stm32f10x.o
 .text.SetSysClock
                0x0800162c        0x8 ./system/src/cmsis/system_stm32f10x.o
 .text.SystemInit
                0x08001634       0x50 ./system/src/cmsis/system_stm32f10x.o
                0x08001634                SystemInit
 .text.SystemCoreClockUpdate
                0x08001684       0x94 ./system/src/cmsis/system_stm32f10x.o
                0x08001684                SystemCoreClockUpdate
 .text.MGPIO_voidSetPinDirection
                0x08001718      0x210 ./src/GPIO.o
                0x08001718                MGPIO_voidSetPinDirection
 .text.MGPIO_voidSetPinValue
                0x08001928       0xa8 ./src/GPIO.o
                0x08001928                MGPIO_voidSetPinValue
 .text.MGPIO_voidGetPinValue
                0x080019d0       0x60 ./src/GPIO.o
                0x080019d0                MGPIO_voidGetPinValue
 .text.MRCC_CheckReady
                0x08001a30       0x3c ./src/RCC.o
                0x08001a30                MRCC_CheckReady
 .text.MRCC_voidSetClkSource
                0x08001a6c       0x1c ./src/RCC.o
                0x08001a6c                MRCC_voidSetClkSource
 .text.MRCC_voidSetClkStatus
                0x08001a88       0x74 ./src/RCC.o
                0x08001a88                MRCC_voidSetClkStatus
 .text.MRCC_SetBusesPreScalers
                0x08001afc       0x38 ./src/RCC.o
                0x08001afc                MRCC_SetBusesPreScalers
 .text.MRCC_Init
                0x08001b34       0x36 ./src/RCC.o
                0x08001b34                MRCC_Init
 *fill*         0x08001b6a        0x2 
 .text.MRCC_voidSetPeripheralClock
                0x08001b6c       0x84 ./src/RCC.o
                0x08001b6c                MRCC_voidSetPeripheralClock
 .text.Reset_system
                0x08001bf0       0x18 ./src/SCB.o
                0x08001bf0                Reset_system
 .text.SYSTICK_ErrorstatusConfiguration
                0x08001c08       0x24 ./src/SYSTICK.o
                0x08001c08                SYSTICK_ErrorstatusConfiguration
 .text.SYSTICK_voidSetBusyWait
                0x08001c2c       0x30 ./src/SYSTICK.o
                0x08001c2c                SYSTICK_voidSetBusyWait
 .text.SysTick_Handler
                0x08001c5c       0x38 ./src/SYSTICK.o
                0x08001c5c                SysTick_Handler
 .text.MUSART_voidInit
                0x08001c94       0x48 ./src/UART.o
                0x08001c94                MUSART_voidInit
 .text.MUSART_voidTransmit
                0x08001cdc       0x20 ./src/UART.o
                0x08001cdc                MUSART_voidTransmit
 .text.MUSART_voidSendString
                0x08001cfc       0x28 ./src/UART.o
                0x08001cfc                MUSART_voidSendString
 .text.MUSART_u8Recieve
                0x08001d24       0x1c ./src/UART.o
                0x08001d24                MUSART_u8Recieve
 .text.main     0x08001d40      0x168 ./src/main.o
                0x08001d40                main
 .text.__errno  0x08001ea8        0xc e:/iti embedded camp/iti programs/imt_sdk_win_64/winarm/armgcc/bin/../lib/gcc/arm-none-eabi/7.2.1/../../../../arm-none-eabi/lib/thumb/v7-m\libg_nano.a(lib_a-errno.o)
                0x08001ea8                __errno
 .text._vsnprintf_r
                0x08001eb4       0x58 e:/iti embedded camp/iti programs/imt_sdk_win_64/winarm/armgcc/bin/../lib/gcc/arm-none-eabi/7.2.1/../../../../arm-none-eabi/lib/thumb/v7-m\libg_nano.a(lib_a-vsnprintf.o)
                0x08001eb4                _vsniprintf_r
                0x08001eb4                _vsnprintf_r
 .text.vsnprintf
                0x08001f0c       0x1c e:/iti embedded camp/iti programs/imt_sdk_win_64/winarm/armgcc/bin/../lib/gcc/arm-none-eabi/7.2.1/../../../../arm-none-eabi/lib/thumb/v7-m\libg_nano.a(lib_a-vsnprintf.o)
                0x08001f0c                vsniprintf
                0x08001f0c                vsnprintf
 .text.__ssputs_r
                0x08001f28       0xb4 e:/iti embedded camp/iti programs/imt_sdk_win_64/winarm/armgcc/bin/../lib/gcc/arm-none-eabi/7.2.1/../../../../arm-none-eabi/lib/thumb/v7-m\libg_nano.a(lib_a-nano-svfprintf.o)
                0x08001f28                __ssputs_r
 .text._svfprintf_r
                0x08001fdc      0x1ec e:/iti embedded camp/iti programs/imt_sdk_win_64/winarm/armgcc/bin/../lib/gcc/arm-none-eabi/7.2.1/../../../../arm-none-eabi/lib/thumb/v7-m\libg_nano.a(lib_a-nano-svfprintf.o)
                0x08001fdc                _svfiprintf_r
                0x08001fdc                _svfprintf_r
 .text._printf_common
                0x080021c8       0xec e:/iti embedded camp/iti programs/imt_sdk_win_64/winarm/armgcc/bin/../lib/gcc/arm-none-eabi/7.2.1/../../../../arm-none-eabi/lib/thumb/v7-m\libg_nano.a(lib_a-nano-vfprintf_i.o)
                0x080021c8                _printf_common
 .text._printf_i
                0x080022b4      0x224 e:/iti embedded camp/iti programs/imt_sdk_win_64/winarm/armgcc/bin/../lib/gcc/arm-none-eabi/7.2.1/../../../../arm-none-eabi/lib/thumb/v7-m\libg_nano.a(lib_a-nano-vfprintf_i.o)
                0x080022b4                _printf_i
 .text.memchr   0x080024d8       0x1c e:/iti embedded camp/iti programs/imt_sdk_win_64/winarm/armgcc/bin/../lib/gcc/arm-none-eabi/7.2.1/../../../../arm-none-eabi/lib/thumb/v7-m\libg_nano.a(lib_a-memchr-stub.o)
                0x080024d8                memchr
 .text.memcpy   0x080024f4       0x16 e:/iti embedded camp/iti programs/imt_sdk_win_64/winarm/armgcc/bin/../lib/gcc/arm-none-eabi/7.2.1/../../../../arm-none-eabi/lib/thumb/v7-m\libg_nano.a(lib_a-memcpy-stub.o)
                0x080024f4                memcpy
 .text.memmove  0x0800250a       0x32 e:/iti embedded camp/iti programs/imt_sdk_win_64/winarm/armgcc/bin/../lib/gcc/arm-none-eabi/7.2.1/../../../../arm-none-eabi/lib/thumb/v7-m\libg_nano.a(lib_a-memmove.o)
                0x0800250a                memmove
 .text._free_r  0x0800253c       0x98 e:/iti embedded camp/iti programs/imt_sdk_win_64/winarm/armgcc/bin/../lib/gcc/arm-none-eabi/7.2.1/../../../../arm-none-eabi/lib/thumb/v7-m\libg_nano.a(lib_a-nano-freer.o)
                0x0800253c                _free_r
 .text._malloc_r
                0x080025d4       0xb4 e:/iti embedded camp/iti programs/imt_sdk_win_64/winarm/armgcc/bin/../lib/gcc/arm-none-eabi/7.2.1/../../../../arm-none-eabi/lib/thumb/v7-m\libg_nano.a(lib_a-nano-mallocr.o)
                0x080025d4                _malloc_r
 .text._realloc_r
                0x08002688       0x4c e:/iti embedded camp/iti programs/imt_sdk_win_64/winarm/armgcc/bin/../lib/gcc/arm-none-eabi/7.2.1/../../../../arm-none-eabi/lib/thumb/v7-m\libg_nano.a(lib_a-nano-reallocr.o)
                0x08002688                _realloc_r
 .text._sbrk_r  0x080026d4       0x20 e:/iti embedded camp/iti programs/imt_sdk_win_64/winarm/armgcc/bin/../lib/gcc/arm-none-eabi/7.2.1/../../../../arm-none-eabi/lib/thumb/v7-m\libg_nano.a(lib_a-sbrkr.o)
                0x080026d4                _sbrk_r
 .text.__malloc_lock
                0x080026f4        0x2 e:/iti embedded camp/iti programs/imt_sdk_win_64/winarm/armgcc/bin/../lib/gcc/arm-none-eabi/7.2.1/../../../../arm-none-eabi/lib/thumb/v7-m\libg_nano.a(lib_a-mlock.o)
                0x080026f4                __malloc_lock
 .text.__malloc_unlock
                0x080026f6        0x2 e:/iti embedded camp/iti programs/imt_sdk_win_64/winarm/armgcc/bin/../lib/gcc/arm-none-eabi/7.2.1/../../../../arm-none-eabi/lib/thumb/v7-m\libg_nano.a(lib_a-mlock.o)
                0x080026f6                __malloc_unlock
 .text._malloc_usable_size_r
                0x080026f8       0x10 e:/iti embedded camp/iti programs/imt_sdk_win_64/winarm/armgcc/bin/../lib/gcc/arm-none-eabi/7.2.1/../../../../arm-none-eabi/lib/thumb/v7-m\libg_nano.a(lib_a-nano-msizer.o)
                0x080026f8                _malloc_usable_size_r
 *(.rodata .rodata.* .constdata .constdata.*)
 .rodata.dumpExceptionStack.str1.4
                0x08002708      0x11a ./system/src/cortexm/exception_handlers.o
 *fill*         0x08002822        0x2 
 .rodata.str1.4
                0x08002824       0x2a ./system/src/cortexm/exception_handlers.o
 *fill*         0x0800284e        0x2 
 .rodata.main.str1.4
                0x08002850        0xc ./src/main.o
                                  0xa (size before relaxing)
 .rodata._svfprintf_r.str1.1
                0x0800285c       0x11 e:/iti embedded camp/iti programs/imt_sdk_win_64/winarm/armgcc/bin/../lib/gcc/arm-none-eabi/7.2.1/../../../../arm-none-eabi/lib/thumb/v7-m\libg_nano.a(lib_a-nano-svfprintf.o)
 .rodata._printf_i.str1.1
                0x0800286d       0x22 e:/iti embedded camp/iti programs/imt_sdk_win_64/winarm/armgcc/bin/../lib/gcc/arm-none-eabi/7.2.1/../../../../arm-none-eabi/lib/thumb/v7-m\libg_nano.a(lib_a-nano-vfprintf_i.o)
 *(vtable)
 *(.eh_frame*)
 *(.glue_7)
 .glue_7        0x0800288f        0x0 linker stubs
 *(.glue_7t)
 .glue_7t       0x0800288f        0x0 linker stubs

.vfp11_veneer   0x08002890        0x0
 .vfp11_veneer  0x08002890        0x0 linker stubs

.v4_bx          0x08002890        0x0
 .v4_bx         0x08002890        0x0 linker stubs

.iplt           0x08002890        0x0
 .iplt          0x08002890        0x0 ./system/src/newlib/_exit.o

.rel.dyn        0x08002890        0x0
 .rel.iplt      0x08002890        0x0 ./system/src/newlib/_exit.o

.ARM.extab
 *(.ARM.extab* .gnu.linkonce.armextab.*)
                0x08002890                . = ALIGN (0x4)
                0x08002890                __exidx_start = .

.ARM.exidx
 *(.ARM.exidx* .gnu.linkonce.armexidx.*)
                0x08002890                __exidx_end = .
                0x08002890                . = ALIGN (0x4)
                0x08002890                _etext = .
                0x08002890                __etext = .

.data_CCMRAM    0x00000000        0x0 load address 0x08002890
 FILL mask 0xff
 *(.data.CCMRAM .data.CCMRAM.*)
                0x00000000                . = ALIGN (0x4)
                0x08002890                _sidata = LOADADDR (.data)

.data           0x20000000       0x88 load address 0x08002890
 FILL mask 0xff
                0x20000000                _sdata = .
                0x20000000                __data_start__ = .
 *(.data_begin .data_begin.*)
 .data_begin    0x20000000        0x4 ./system/src/newlib/_startup.o
 *(.data .data.*)
 .data.argv.4310
                0x20000004        0x8 ./system/src/newlib/_syscalls.o
 .data.AHBPrescTable
                0x2000000c       0x10 ./system/src/cmsis/system_stm32f10x.o
                0x2000000c                AHBPrescTable
 .data.SystemCoreClock
                0x2000001c        0x4 ./system/src/cmsis/system_stm32f10x.o
                0x2000001c                SystemCoreClock
 .data._impure_ptr
                0x20000020        0x4 e:/iti embedded camp/iti programs/imt_sdk_win_64/winarm/armgcc/bin/../lib/gcc/arm-none-eabi/7.2.1/../../../../arm-none-eabi/lib/thumb/v7-m\libg_nano.a(lib_a-impure.o)
                0x20000020                _impure_ptr
 .data.impure_data
                0x20000024       0x60 e:/iti embedded camp/iti programs/imt_sdk_win_64/winarm/armgcc/bin/../lib/gcc/arm-none-eabi/7.2.1/../../../../arm-none-eabi/lib/thumb/v7-m\libg_nano.a(lib_a-impure.o)
 *(.data_end .data_end.*)
 .data_end      0x20000084        0x4 ./system/src/newlib/_startup.o
                0x20000088                . = ALIGN (0x4)
                0x20000088                _edata = .
                0x20000088                __data_end__ = .

.igot.plt       0x20000088        0x0 load address 0x08002918
 .igot.plt      0x20000088        0x0 ./system/src/newlib/_exit.o

.bss_CCMRAM     0x00000000        0x0
 *(.bss.CCMRAM .bss.CCMRAM.*)

.bss            0x20000088       0xa4
                0x20000088                __bss_start__ = .
                0x20000088                _sbss = .
 *(.bss_begin .bss_begin.*)
 .bss_begin     0x20000088        0x4 ./system/src/newlib/_startup.o
 *(.bss .bss.*)
 .bss.current_heap_end.3961
                0x2000008c        0x4 ./system/src/newlib/_sbrk.o
 .bss.name.4309
                0x20000090        0x1 ./system/src/newlib/_syscalls.o
 *fill*         0x20000091        0x3 
 .bss.buf.5205  0x20000094       0x80 ./system/src/diag/Trace.o
 .bss.SYSTICK_u8ModeOfInterval
                0x20000114        0x1 ./src/SYSTICK.o
 *fill*         0x20000115        0x3 
 .bss.pf        0x20000118        0x4 ./src/SYSTICK.o
 .bss.__malloc_free_list
                0x2000011c        0x4 e:/iti embedded camp/iti programs/imt_sdk_win_64/winarm/armgcc/bin/../lib/gcc/arm-none-eabi/7.2.1/../../../../arm-none-eabi/lib/thumb/v7-m\libg_nano.a(lib_a-nano-mallocr.o)
                0x2000011c                __malloc_free_list
 .bss.__malloc_sbrk_start
                0x20000120        0x4 e:/iti embedded camp/iti programs/imt_sdk_win_64/winarm/armgcc/bin/../lib/gcc/arm-none-eabi/7.2.1/../../../../arm-none-eabi/lib/thumb/v7-m\libg_nano.a(lib_a-nano-mallocr.o)
                0x20000120                __malloc_sbrk_start
 *(COMMON)
 COMMON         0x20000124        0x4 ./system/src/newlib/_syscalls.o
                0x20000124                errno
 *(.bss_end .bss_end.*)
 .bss_end       0x20000128        0x4 ./system/src/newlib/_startup.o
                0x2000012c                . = ALIGN (0x4)
                0x2000012c                __bss_end__ = .
                0x2000012c                _ebss = .

.noinit_CCMRAM
 *(.noinit.CCMRAM .noinit.CCMRAM.*)

.noinit         0x2000012c        0x0
                0x2000012c                _noinit = .
 *(.noinit .noinit.*)
                0x2000012c                . = ALIGN (0x4)
                0x2000012c                _end_noinit = .
                [!provide]                PROVIDE (end, _end_noinit)
                [!provide]                PROVIDE (_end, _end_noinit)
                [!provide]                PROVIDE (__end, _end_noinit)
                [!provide]                PROVIDE (__end__, _end_noinit)

._check_stack   0x2000012c      0x100
                0x2000022c                . = (. + _Minimum_Stack_Size)
 *fill*         0x2000012c      0x100 

.b1text
 *(.b1text)
 *(.b1rodata)
 *(.b1rodata.*)

.eb0text
 *(.eb0text)
 *(.eb0rodata)
 *(.eb0rodata.*)

.eb1text
 *(.eb1text)
 *(.eb1rodata)
 *(.eb1rodata.*)

.eb2text
 *(.eb2text)
 *(.eb2rodata)
 *(.eb2rodata.*)

.eb3text
 *(.eb3text)
 *(.eb3rodata)
 *(.eb3rodata.*)

.stab
 *(.stab)

.stabstr
 *(.stabstr)

.stab.excl
 *(.stab.excl)

.stab.exclstr
 *(.stab.exclstr)

.stab.index
 *(.stab.index)

.stab.indexstr
 *(.stab.indexstr)

.comment        0x00000000       0x7e
 *(.comment)
 .comment       0x00000000       0x7e ./system/src/newlib/_exit.o
                                 0x7f (size before relaxing)
 .comment       0x0000007e       0x7f ./system/src/newlib/_sbrk.o
 .comment       0x0000007e       0x7f ./system/src/newlib/_startup.o
 .comment       0x0000007e       0x7f ./system/src/newlib/_syscalls.o
 .comment       0x0000007e       0x7f ./system/src/diag/Trace.o
 .comment       0x0000007e       0x7f ./system/src/diag/trace_impl.o
 .comment       0x0000007e       0x7f ./system/src/cortexm/_initialize_hardware.o
 .comment       0x0000007e       0x7f ./system/src/cortexm/exception_handlers.o
 .comment       0x0000007e       0x7f ./system/src/cmsis/system_stm32f10x.o
 .comment       0x0000007e       0x7f ./system/src/cmsis/vectors_stm32f10x.o
 .comment       0x0000007e       0x7f ./src/GPIO.o
 .comment       0x0000007e       0x7f ./src/RCC.o
 .comment       0x0000007e       0x7f ./src/SCB.o
 .comment       0x0000007e       0x7f ./src/SYSTICK.o
 .comment       0x0000007e       0x7f ./src/UART.o
 .comment       0x0000007e       0x7f ./src/main.o

.ARM.attributes
                0x00000000       0x31
 .ARM.attributes
                0x00000000       0x33 ./system/src/newlib/_exit.o
 .ARM.attributes
                0x00000033       0x33 ./system/src/newlib/_sbrk.o
 .ARM.attributes
                0x00000066       0x33 ./system/src/newlib/_startup.o
 .ARM.attributes
                0x00000099       0x33 ./system/src/newlib/_syscalls.o
 .ARM.attributes
                0x000000cc       0x33 ./system/src/diag/Trace.o
 .ARM.attributes
                0x000000ff       0x33 ./system/src/diag/trace_impl.o
 .ARM.attributes
                0x00000132       0x33 ./system/src/cortexm/_initialize_hardware.o
 .ARM.attributes
                0x00000165       0x33 ./system/src/cortexm/exception_handlers.o
 .ARM.attributes
                0x00000198       0x33 ./system/src/cmsis/system_stm32f10x.o
 .ARM.attributes
                0x000001cb       0x33 ./system/src/cmsis/vectors_stm32f10x.o
 .ARM.attributes
                0x000001fe       0x33 ./src/GPIO.o
 .ARM.attributes
                0x00000231       0x33 ./src/RCC.o
 .ARM.attributes
                0x00000264       0x33 ./src/SCB.o
 .ARM.attributes
                0x00000297       0x33 ./src/SYSTICK.o
 .ARM.attributes
                0x000002ca       0x33 ./src/UART.o
 .ARM.attributes
                0x000002fd       0x33 ./src/main.o
 .ARM.attributes
                0x00000330       0x2d e:/iti embedded camp/iti programs/imt_sdk_win_64/winarm/armgcc/bin/../lib/gcc/arm-none-eabi/7.2.1/../../../../arm-none-eabi/lib/thumb/v7-m\libg_nano.a(lib_a-errno.o)
 .ARM.attributes
                0x0000035d       0x2d e:/iti embedded camp/iti programs/imt_sdk_win_64/winarm/armgcc/bin/../lib/gcc/arm-none-eabi/7.2.1/../../../../arm-none-eabi/lib/thumb/v7-m\libg_nano.a(lib_a-impure.o)
 .ARM.attributes
                0x0000038a       0x2d e:/iti embedded camp/iti programs/imt_sdk_win_64/winarm/armgcc/bin/../lib/gcc/arm-none-eabi/7.2.1/../../../../arm-none-eabi/lib/thumb/v7-m\libg_nano.a(lib_a-vsnprintf.o)
 .ARM.attributes
                0x000003b7       0x2d e:/iti embedded camp/iti programs/imt_sdk_win_64/winarm/armgcc/bin/../lib/gcc/arm-none-eabi/7.2.1/../../../../arm-none-eabi/lib/thumb/v7-m\libg_nano.a(lib_a-nano-svfprintf.o)
 .ARM.attributes
                0x000003e4       0x2d e:/iti embedded camp/iti programs/imt_sdk_win_64/winarm/armgcc/bin/../lib/gcc/arm-none-eabi/7.2.1/../../../../arm-none-eabi/lib/thumb/v7-m\libg_nano.a(lib_a-nano-vfprintf_i.o)
 .ARM.attributes
                0x00000411       0x2d e:/iti embedded camp/iti programs/imt_sdk_win_64/winarm/armgcc/bin/../lib/gcc/arm-none-eabi/7.2.1/../../../../arm-none-eabi/lib/thumb/v7-m\libg_nano.a(lib_a-memchr-stub.o)
 .ARM.attributes
                0x0000043e       0x2d e:/iti embedded camp/iti programs/imt_sdk_win_64/winarm/armgcc/bin/../lib/gcc/arm-none-eabi/7.2.1/../../../../arm-none-eabi/lib/thumb/v7-m\libg_nano.a(lib_a-memcpy-stub.o)
 .ARM.attributes
                0x0000046b       0x2d e:/iti embedded camp/iti programs/imt_sdk_win_64/winarm/armgcc/bin/../lib/gcc/arm-none-eabi/7.2.1/../../../../arm-none-eabi/lib/thumb/v7-m\libg_nano.a(lib_a-memmove.o)
 .ARM.attributes
                0x00000498       0x2d e:/iti embedded camp/iti programs/imt_sdk_win_64/winarm/armgcc/bin/../lib/gcc/arm-none-eabi/7.2.1/../../../../arm-none-eabi/lib/thumb/v7-m\libg_nano.a(lib_a-nano-freer.o)
 .ARM.attributes
                0x000004c5       0x2d e:/iti embedded camp/iti programs/imt_sdk_win_64/winarm/armgcc/bin/../lib/gcc/arm-none-eabi/7.2.1/../../../../arm-none-eabi/lib/thumb/v7-m\libg_nano.a(lib_a-nano-mallocr.o)
 .ARM.attributes
                0x000004f2       0x2d e:/iti embedded camp/iti programs/imt_sdk_win_64/winarm/armgcc/bin/../lib/gcc/arm-none-eabi/7.2.1/../../../../arm-none-eabi/lib/thumb/v7-m\libg_nano.a(lib_a-nano-reallocr.o)
 .ARM.attributes
                0x0000051f       0x2d e:/iti embedded camp/iti programs/imt_sdk_win_64/winarm/armgcc/bin/../lib/gcc/arm-none-eabi/7.2.1/../../../../arm-none-eabi/lib/thumb/v7-m\libg_nano.a(lib_a-sbrkr.o)
 .ARM.attributes
                0x0000054c       0x2d e:/iti embedded camp/iti programs/imt_sdk_win_64/winarm/armgcc/bin/../lib/gcc/arm-none-eabi/7.2.1/../../../../arm-none-eabi/lib/thumb/v7-m\libg_nano.a(lib_a-mlock.o)
 .ARM.attributes
                0x00000579       0x2d e:/iti embedded camp/iti programs/imt_sdk_win_64/winarm/armgcc/bin/../lib/gcc/arm-none-eabi/7.2.1/../../../../arm-none-eabi/lib/thumb/v7-m\libg_nano.a(lib_a-nano-msizer.o)

.debug
 *(.debug)

.line
 *(.line)

.debug_srcinfo
 *(.debug_srcinfo)

.debug_sfnames
 *(.debug_sfnames)

.debug_aranges  0x00000000      0x3b0
 *(.debug_aranges)
 .debug_aranges
                0x00000000       0x28 ./system/src/newlib/_exit.o
 .debug_aranges
                0x00000028       0x20 ./system/src/newlib/_sbrk.o
 .debug_aranges
                0x00000048       0x40 ./system/src/newlib/_startup.o
 .debug_aranges
                0x00000088       0x30 ./system/src/newlib/_syscalls.o
 .debug_aranges
                0x000000b8       0x38 ./system/src/diag/Trace.o
 .debug_aranges
                0x000000f0       0x30 ./system/src/diag/trace_impl.o
 .debug_aranges
                0x00000120       0x28 ./system/src/cortexm/_initialize_hardware.o
 .debug_aranges
                0x00000148       0x88 ./system/src/cortexm/exception_handlers.o
 .debug_aranges
                0x000001d0       0x38 ./system/src/cmsis/system_stm32f10x.o
 .debug_aranges
                0x00000208       0x20 ./system/src/cmsis/vectors_stm32f10x.o
 .debug_aranges
                0x00000228       0x38 ./src/GPIO.o
 .debug_aranges
                0x00000260       0x50 ./src/RCC.o
 .debug_aranges
                0x000002b0       0x28 ./src/SCB.o
 .debug_aranges
                0x000002d8       0x80 ./src/SYSTICK.o
 .debug_aranges
                0x00000358       0x38 ./src/UART.o
 .debug_aranges
                0x00000390       0x20 ./src/main.o

.debug_pubnames
 *(.debug_pubnames)

.debug_info     0x00000000     0x5ff5
 *(.debug_info .gnu.linkonce.wi.*)
 .debug_info    0x00000000      0x956 ./system/src/newlib/_exit.o
 .debug_info    0x00000956      0x942 ./system/src/newlib/_sbrk.o
 .debug_info    0x00001298      0x42e ./system/src/newlib/_startup.o
 .debug_info    0x000016c6      0xa19 ./system/src/newlib/_syscalls.o
 .debug_info    0x000020df      0xb2a ./system/src/diag/Trace.o
 .debug_info    0x00002c09      0x425 ./system/src/diag/trace_impl.o
 .debug_info    0x0000302e      0x2b5 ./system/src/cortexm/_initialize_hardware.o
 .debug_info    0x000032e3     0x1004 ./system/src/cortexm/exception_handlers.o
 .debug_info    0x000042e7      0x494 ./system/src/cmsis/system_stm32f10x.o
 .debug_info    0x0000477b       0xca ./system/src/cmsis/vectors_stm32f10x.o
 .debug_info    0x00004845      0x24c ./src/GPIO.o
 .debug_info    0x00004a91      0x314 ./src/RCC.o
 .debug_info    0x00004da5      0x176 ./src/SCB.o
 .debug_info    0x00004f1b      0x32c ./src/SYSTICK.o
 .debug_info    0x00005247      0x1a1 ./src/UART.o
 .debug_info    0x000053e8      0xc0d ./src/main.o

.debug_abbrev   0x00000000     0x190d
 *(.debug_abbrev)
 .debug_abbrev  0x00000000      0x1f3 ./system/src/newlib/_exit.o
 .debug_abbrev  0x000001f3      0x1fc ./system/src/newlib/_sbrk.o
 .debug_abbrev  0x000003ef      0x1b3 ./system/src/newlib/_startup.o
 .debug_abbrev  0x000005a2      0x234 ./system/src/newlib/_syscalls.o
 .debug_abbrev  0x000007d6      0x276 ./system/src/diag/Trace.o
 .debug_abbrev  0x00000a4c      0x197 ./system/src/diag/trace_impl.o
 .debug_abbrev  0x00000be3       0xea ./system/src/cortexm/_initialize_hardware.o
 .debug_abbrev  0x00000ccd      0x2b4 ./system/src/cortexm/exception_handlers.o
 .debug_abbrev  0x00000f81      0x177 ./system/src/cmsis/system_stm32f10x.o
 .debug_abbrev  0x000010f8       0x9d ./system/src/cmsis/vectors_stm32f10x.o
 .debug_abbrev  0x00001195       0xf2 ./src/GPIO.o
 .debug_abbrev  0x00001287      0x136 ./src/RCC.o
 .debug_abbrev  0x000013bd       0xad ./src/SCB.o
 .debug_abbrev  0x0000146a      0x17e ./src/SYSTICK.o
 .debug_abbrev  0x000015e8      0x101 ./src/UART.o
 .debug_abbrev  0x000016e9      0x224 ./src/main.o

.debug_line     0x00000000     0x360c
 *(.debug_line)
 .debug_line    0x00000000      0x373 ./system/src/newlib/_exit.o
 .debug_line    0x00000373      0x327 ./system/src/newlib/_sbrk.o
 .debug_line    0x0000069a      0x3e1 ./system/src/newlib/_startup.o
 .debug_line    0x00000a7b      0x446 ./system/src/newlib/_syscalls.o
 .debug_line    0x00000ec1      0x3ef ./system/src/diag/Trace.o
 .debug_line    0x000012b0      0x634 ./system/src/diag/trace_impl.o
 .debug_line    0x000018e4      0x37d ./system/src/cortexm/_initialize_hardware.o
 .debug_line    0x00001c61      0x6eb ./system/src/cortexm/exception_handlers.o
 .debug_line    0x0000234c      0x3f0 ./system/src/cmsis/system_stm32f10x.o
 .debug_line    0x0000273c      0x109 ./system/src/cmsis/vectors_stm32f10x.o
 .debug_line    0x00002845      0x1ee ./src/GPIO.o
 .debug_line    0x00002a33      0x197 ./src/RCC.o
 .debug_line    0x00002bca       0xd7 ./src/SCB.o
 .debug_line    0x00002ca1      0x1e0 ./src/SYSTICK.o
 .debug_line    0x00002e81      0x1d7 ./src/UART.o
 .debug_line    0x00003058      0x5b4 ./src/main.o

.debug_frame    0x00000000      0x9c0
 *(.debug_frame)
 .debug_frame   0x00000000       0x38 ./system/src/newlib/_exit.o
 .debug_frame   0x00000038       0x28 ./system/src/newlib/_sbrk.o
 .debug_frame   0x00000060       0x7c ./system/src/newlib/_startup.o
 .debug_frame   0x000000dc       0x50 ./system/src/newlib/_syscalls.o
 .debug_frame   0x0000012c       0x94 ./system/src/diag/Trace.o
 .debug_frame   0x000001c0       0x54 ./system/src/diag/trace_impl.o
 .debug_frame   0x00000214       0x40 ./system/src/cortexm/_initialize_hardware.o
 .debug_frame   0x00000254      0x144 ./system/src/cortexm/exception_handlers.o
 .debug_frame   0x00000398       0x6c ./system/src/cmsis/system_stm32f10x.o
 .debug_frame   0x00000404       0x20 ./system/src/cmsis/vectors_stm32f10x.o
 .debug_frame   0x00000424       0x68 ./src/GPIO.o
 .debug_frame   0x0000048c       0xa0 ./src/RCC.o
 .debug_frame   0x0000052c       0x30 ./src/SCB.o
 .debug_frame   0x0000055c       0xfc ./src/SYSTICK.o
 .debug_frame   0x00000658       0x50 ./src/UART.o
 .debug_frame   0x000006a8       0x28 ./src/main.o
 .debug_frame   0x000006d0       0x20 e:/iti embedded camp/iti programs/imt_sdk_win_64/winarm/armgcc/bin/../lib/gcc/arm-none-eabi/7.2.1/../../../../arm-none-eabi/lib/thumb/v7-m\libg_nano.a(lib_a-errno.o)
 .debug_frame   0x000006f0       0x4c e:/iti embedded camp/iti programs/imt_sdk_win_64/winarm/armgcc/bin/../lib/gcc/arm-none-eabi/7.2.1/../../../../arm-none-eabi/lib/thumb/v7-m\libg_nano.a(lib_a-vsnprintf.o)
 .debug_frame   0x0000073c       0x90 e:/iti embedded camp/iti programs/imt_sdk_win_64/winarm/armgcc/bin/../lib/gcc/arm-none-eabi/7.2.1/../../../../arm-none-eabi/lib/thumb/v7-m\libg_nano.a(lib_a-nano-svfprintf.o)
 .debug_frame   0x000007cc       0x60 e:/iti embedded camp/iti programs/imt_sdk_win_64/winarm/armgcc/bin/../lib/gcc/arm-none-eabi/7.2.1/../../../../arm-none-eabi/lib/thumb/v7-m\libg_nano.a(lib_a-nano-vfprintf_i.o)
 .debug_frame   0x0000082c       0x28 e:/iti embedded camp/iti programs/imt_sdk_win_64/winarm/armgcc/bin/../lib/gcc/arm-none-eabi/7.2.1/../../../../arm-none-eabi/lib/thumb/v7-m\libg_nano.a(lib_a-memchr-stub.o)
 .debug_frame   0x00000854       0x28 e:/iti embedded camp/iti programs/imt_sdk_win_64/winarm/armgcc/bin/../lib/gcc/arm-none-eabi/7.2.1/../../../../arm-none-eabi/lib/thumb/v7-m\libg_nano.a(lib_a-memcpy-stub.o)
 .debug_frame   0x0000087c       0x28 e:/iti embedded camp/iti programs/imt_sdk_win_64/winarm/armgcc/bin/../lib/gcc/arm-none-eabi/7.2.1/../../../../arm-none-eabi/lib/thumb/v7-m\libg_nano.a(lib_a-memmove.o)
 .debug_frame   0x000008a4       0x38 e:/iti embedded camp/iti programs/imt_sdk_win_64/winarm/armgcc/bin/../lib/gcc/arm-none-eabi/7.2.1/../../../../arm-none-eabi/lib/thumb/v7-m\libg_nano.a(lib_a-nano-freer.o)
 .debug_frame   0x000008dc       0x2c e:/iti embedded camp/iti programs/imt_sdk_win_64/winarm/armgcc/bin/../lib/gcc/arm-none-eabi/7.2.1/../../../../arm-none-eabi/lib/thumb/v7-m\libg_nano.a(lib_a-nano-mallocr.o)
 .debug_frame   0x00000908       0x3c e:/iti embedded camp/iti programs/imt_sdk_win_64/winarm/armgcc/bin/../lib/gcc/arm-none-eabi/7.2.1/../../../../arm-none-eabi/lib/thumb/v7-m\libg_nano.a(lib_a-nano-reallocr.o)
 .debug_frame   0x00000944       0x2c e:/iti embedded camp/iti programs/imt_sdk_win_64/winarm/armgcc/bin/../lib/gcc/arm-none-eabi/7.2.1/../../../../arm-none-eabi/lib/thumb/v7-m\libg_nano.a(lib_a-sbrkr.o)
 .debug_frame   0x00000970       0x30 e:/iti embedded camp/iti programs/imt_sdk_win_64/winarm/armgcc/bin/../lib/gcc/arm-none-eabi/7.2.1/../../../../arm-none-eabi/lib/thumb/v7-m\libg_nano.a(lib_a-mlock.o)
 .debug_frame   0x000009a0       0x20 e:/iti embedded camp/iti programs/imt_sdk_win_64/winarm/armgcc/bin/../lib/gcc/arm-none-eabi/7.2.1/../../../../arm-none-eabi/lib/thumb/v7-m\libg_nano.a(lib_a-nano-msizer.o)

.debug_str      0x00000000    0x5767f
 *(.debug_str)
 .debug_str     0x00000000     0x7d17 ./system/src/newlib/_exit.o
                               0x7ee2 (size before relaxing)
 .debug_str     0x00007d17      0x4f5 ./system/src/newlib/_sbrk.o
                               0x7294 (size before relaxing)
 .debug_str     0x0000820c      0xbbd ./system/src/newlib/_startup.o
                               0x69cf (size before relaxing)
 .debug_str     0x00008dc9      0xe8b ./system/src/newlib/_syscalls.o
                               0x816f (size before relaxing)
 .debug_str     0x00009c54      0x826 ./system/src/diag/Trace.o
                               0x865a (size before relaxing)
 .debug_str     0x0000a47a    0x4b06b ./system/src/diag/trace_impl.o
                              0x527ec (size before relaxing)
 .debug_str     0x000554e5       0xb2 ./system/src/cortexm/_initialize_hardware.o
                              0x4e831 (size before relaxing)
 .debug_str     0x00055597      0x1e5 ./system/src/cortexm/exception_handlers.o
                              0x539dc (size before relaxing)
 .debug_str     0x0005577c      0x114 ./system/src/cmsis/system_stm32f10x.o
                              0x4e8cb (size before relaxing)
 .debug_str     0x00055890       0x57 ./system/src/cmsis/vectors_stm32f10x.o
                               0x3870 (size before relaxing)
 .debug_str     0x000558e7     0x13ad ./src/GPIO.o
                               0x413a (size before relaxing)
 .debug_str     0x00056c94      0x194 ./src/RCC.o
                               0x3e86 (size before relaxing)
 .debug_str     0x00056e28       0xe6 ./src/SCB.o
                               0x3010 (size before relaxing)
 .debug_str     0x00056f0e      0x3ff ./src/SYSTICK.o
                               0x3338 (size before relaxing)
 .debug_str     0x0005730d      0x323 ./src/UART.o
                               0x4354 (size before relaxing)
 .debug_str     0x00057630       0x4f ./src/main.o
                               0x9df6 (size before relaxing)

.debug_loc      0x00000000     0x151f
 *(.debug_loc)
 .debug_loc     0x00000000       0x85 ./system/src/newlib/_sbrk.o
 .debug_loc     0x00000085      0x1a9 ./system/src/newlib/_startup.o
 .debug_loc     0x0000022e       0x63 ./system/src/newlib/_syscalls.o
 .debug_loc     0x00000291       0xf6 ./system/src/diag/Trace.o
 .debug_loc     0x00000387       0xc9 ./system/src/diag/trace_impl.o
 .debug_loc     0x00000450      0x15a ./system/src/cortexm/exception_handlers.o
 .debug_loc     0x000005aa       0xdf ./system/src/cmsis/system_stm32f10x.o
 .debug_loc     0x00000689      0x8d7 ./src/GPIO.o
 .debug_loc     0x00000f60      0x333 ./src/RCC.o
 .debug_loc     0x00001293       0x21 ./src/SCB.o
 .debug_loc     0x000012b4      0x175 ./src/SYSTICK.o
 .debug_loc     0x00001429       0x96 ./src/UART.o
 .debug_loc     0x000014bf       0x60 ./src/main.o

.debug_macinfo
 *(.debug_macinfo)

.debug_weaknames
 *(.debug_weaknames)

.debug_funcnames
 *(.debug_funcnames)

.debug_typenames
 *(.debug_typenames)

.debug_varnames
 *(.debug_varnames)
OUTPUT(Application1.elf elf32-littlearm)

.debug_ranges   0x00000000      0x320
 .debug_ranges  0x00000000       0x18 ./system/src/newlib/_exit.o
 .debug_ranges  0x00000018       0x10 ./system/src/newlib/_sbrk.o
 .debug_ranges  0x00000028       0x78 ./system/src/newlib/_startup.o
 .debug_ranges  0x000000a0       0x20 ./system/src/newlib/_syscalls.o
 .debug_ranges  0x000000c0       0x28 ./system/src/diag/Trace.o
 .debug_ranges  0x000000e8       0x48 ./system/src/diag/trace_impl.o
 .debug_ranges  0x00000130       0x18 ./system/src/cortexm/_initialize_hardware.o
 .debug_ranges  0x00000148       0x78 ./system/src/cortexm/exception_handlers.o
 .debug_ranges  0x000001c0       0x28 ./system/src/cmsis/system_stm32f10x.o
 .debug_ranges  0x000001e8       0x10 ./system/src/cmsis/vectors_stm32f10x.o
 .debug_ranges  0x000001f8       0x28 ./src/GPIO.o
 .debug_ranges  0x00000220       0x40 ./src/RCC.o
 .debug_ranges  0x00000260       0x18 ./src/SCB.o
 .debug_ranges  0x00000278       0x70 ./src/SYSTICK.o
 .debug_ranges  0x000002e8       0x28 ./src/UART.o
 .debug_ranges  0x00000310       0x10 ./src/main.o

.debug_macro    0x00000000     0x3144
 .debug_macro   0x00000000      0x1b4 ./system/src/newlib/_exit.o
 .debug_macro   0x000001b4       0x9c ./system/src/newlib/_exit.o
 .debug_macro   0x00000250      0x10e ./system/src/newlib/_exit.o
 .debug_macro   0x0000035e       0x8d ./system/src/newlib/_exit.o
 .debug_macro   0x000003eb       0x43 ./system/src/newlib/_exit.o
 .debug_macro   0x0000042e      0x330 ./system/src/newlib/_exit.o
 .debug_macro   0x0000075e       0x35 ./system/src/newlib/_exit.o
 .debug_macro   0x00000793      0x169 ./system/src/newlib/_sbrk.o
 .debug_macro   0x000008fc      0x174 ./system/src/newlib/_sbrk.o
 .debug_macro   0x00000a70       0x10 ./system/src/newlib/_sbrk.o
 .debug_macro   0x00000a80      0x23b ./system/src/newlib/_sbrk.o
 .debug_macro   0x00000cbb      0x173 ./system/src/newlib/_startup.o
 .debug_macro   0x00000e2e      0x217 ./system/src/newlib/_syscalls.o
 .debug_macro   0x00001045       0x1c ./system/src/newlib/_syscalls.o
 .debug_macro   0x00001061       0x10 ./system/src/newlib/_syscalls.o
 .debug_macro   0x00001071       0x10 ./system/src/newlib/_syscalls.o
 .debug_macro   0x00001081       0x10 ./system/src/newlib/_syscalls.o
 .debug_macro   0x00001091       0x35 ./system/src/newlib/_syscalls.o
 .debug_macro   0x000010c6      0x122 ./system/src/newlib/_syscalls.o
 .debug_macro   0x000011e8       0x88 ./system/src/newlib/_syscalls.o
 .debug_macro   0x00001270       0x2b ./system/src/newlib/_syscalls.o
 .debug_macro   0x0000129b      0x118 ./system/src/newlib/_syscalls.o
 .debug_macro   0x000013b3      0x189 ./system/src/newlib/_syscalls.o
 .debug_macro   0x0000153c       0x16 ./system/src/newlib/_syscalls.o
 .debug_macro   0x00001552      0x1fb ./system/src/diag/Trace.o
 .debug_macro   0x0000174d       0x16 ./system/src/diag/Trace.o
 .debug_macro   0x00001763       0x97 ./system/src/diag/Trace.o
 .debug_macro   0x000017fa       0xfd ./system/src/diag/Trace.o
 .debug_macro   0x000018f7       0x10 ./system/src/diag/Trace.o
 .debug_macro   0x00001907       0x16 ./system/src/diag/Trace.o
 .debug_macro   0x0000191d      0x16f ./system/src/diag/Trace.o
 .debug_macro   0x00001a8c       0x4c ./system/src/diag/Trace.o
 .debug_macro   0x00001ad8       0x16 ./system/src/diag/Trace.o
 .debug_macro   0x00001aee      0x2cf ./system/src/diag/trace_impl.o
 .debug_macro   0x00001dbd       0x10 ./system/src/diag/trace_impl.o
 .debug_macro   0x00001dcd       0xcf ./system/src/diag/trace_impl.o
 .debug_macro   0x00001e9c       0xbe ./system/src/diag/trace_impl.o
 .debug_macro   0x00001f5a      0x16b ./system/src/cortexm/_initialize_hardware.o
 .debug_macro   0x000020c5      0x324 ./system/src/cortexm/exception_handlers.o
 .debug_macro   0x000023e9       0x3b ./system/src/cortexm/exception_handlers.o
 .debug_macro   0x00002424       0x22 ./system/src/cortexm/exception_handlers.o
 .debug_macro   0x00002446       0x10 ./system/src/cortexm/exception_handlers.o
 .debug_macro   0x00002456      0x16e ./system/src/cmsis/system_stm32f10x.o
 .debug_macro   0x000025c4       0x34 ./system/src/cmsis/vectors_stm32f10x.o
 .debug_macro   0x000025f8       0x5a ./src/GPIO.o
 .debug_macro   0x00002652       0x34 ./src/GPIO.o
 .debug_macro   0x00002686       0x22 ./src/GPIO.o
 .debug_macro   0x000026a8      0x23c ./src/GPIO.o
 .debug_macro   0x000028e4      0x1ca ./src/GPIO.o
 .debug_macro   0x00002aae       0x3a ./src/GPIO.o
 .debug_macro   0x00002ae8       0x3a ./src/GPIO.o
 .debug_macro   0x00002b22       0xd6 ./src/GPIO.o
 .debug_macro   0x00002bf8       0x3e ./src/RCC.o
 .debug_macro   0x00002c36       0x3f ./src/SCB.o
 .debug_macro   0x00002c75       0x10 ./src/SCB.o
 .debug_macro   0x00002c85       0x10 ./src/SCB.o
 .debug_macro   0x00002c95       0x3f ./src/SYSTICK.o
 .debug_macro   0x00002cd4       0x28 ./src/SYSTICK.o
 .debug_macro   0x00002cfc       0x6a ./src/SYSTICK.o
 .debug_macro   0x00002d66       0x7b ./src/UART.o
 .debug_macro   0x00002de1       0x10 ./src/UART.o
 .debug_macro   0x00002df1       0x46 ./src/UART.o
 .debug_macro   0x00002e37       0x7c ./src/UART.o
 .debug_macro   0x00002eb3      0x291 ./src/main.o
